50 15
.	.	.	.	.	.	.	.	.	.	.	.	.	.	.	.	.	.	.	.	.	.	.	.	.	.	.	.	.	.	.	.	.	.	.	.	.	.	.	.	.	.	.	.	.	.	.	.	.	.	
.	.	.	.	.	.	.	.	.	.	.	.	.	.	.	.	.	.	.	.	.	.	.	.	.	.	.	.	.	.	.	.	.	.	.	.	.	.	.	.	.	.	.	.	.	.	.	.	.	.	
.	.	.	.	.	.	.	#	#	#	.	#	#	#	.	#	#	#	.	#	#	#	.	.	#	.	#	.	.	#	.	.	.	.	.	.	.	.	.	.	.	.	.	.	.	.	.	.	.	+s1,0,0	
.	.	.	.	.	.	.	.	#	.	.	#	.	.	.	#	.	.	.	.	#	.	.	#	#	#	#	#	.	#	.	.	.	.	.	.	.	.	.	.	.	.	.	.	.	.	.	.	.	.	
.	.	.	.	.	.	.	.	#	.	.	#	#	#	.	.	#	.	.	.	#	.	.	.	#	.	#	.	.	#	.	.	.	.	.	.	.	.	.	.	.	.	.	.	.	.	.	#c	#c	#c	
.	.	.	.	.	.	.	.	#	.	.	#	.	.	.	.	.	#	.	.	#	.	.	#	#	#	#	#	.	#	.	.	.	.	.	.	.	.	.	.	.	.	.	.	.	.	.	#c	.	.	
.	.	.	.	.	.	.	.	#	.	.	#	#	#	.	#	#	#	.	.	#	.	.	.	#	.	#	.	.	#	.	.	.	.	.	.	.	.	.	.	.	.	.	.	.	#c	#c	#c	.	.	
.	.	.	.	.	.	.	.	.	.	.	.	.	.	.	.	.	.	.	.	.	.	.	.	.	.	.	.	.	.	.	.	.	.	.	.	.	.	.	.	.	.	.	.	.	#c	.	.	.	.	
.	.	.	.	.	.	.	.	.	.	.	.	.	.	.	.	.	.	.	.	.	.	.	.	.	.	.	.	.	.	.	.	.	.	.	.	.	.	.	.	.	.	.	#c	#c	#c	.	.	.	.	
.	.	.	.	.	.	.	.	.	.	.	.	.	.	.	.	.	.	.	.	.	.	.	.	.	.	.	.	.	.	.	.	.	.	.	.	.	.	.	.	.	.	.	#c	.	.	.	.	.	.	
.	.	.	.	.	.	.	.	.	.	.	.	.	.	.	.	.	.	.	.	.	.	.	.	.	.	.	.	.	.	.	.	.	.	.	.	.	.	.	.	.	#c	#c	#c	.	.	.	.	.	.	
.	.	.	.	.	.	.	.	.	.	.	.	.	.	.	.	.	.	.	.	.	.	.	.	.	.	.	.	.	.	.	.	.	.	.	.	.	.	.	.	.	#c	.	.	.	.	.	.	.	.	
.	.	.	.	.	.	.	.	.	.	.	.	.	.	.	.	.	.	.	.	.	.	.	.	.	.	.	.	.	.	.	.	.	.	.	.	.	.	.	#c	#c	#c	.	.	.	.	.	.	.	.	
.	.	.	.	.	.	.	.	.	.	.	.	.	.	.	.	.	.	.	.	.	.	.	.	.	.	.	.	.	.	.	.	.	.	.	.	.	.	.	#c	.	.	.	.	.	.	.	.	.	.	
#c #c #c #c #c #c #c #c #c #c #c #c #c #c #c #c #c #c #c #c #c #c #c #c #c #c #c #c #c #c #c #c #c #c #c #c #c #c #c #c #c #c #c #c #c #c #c #c #c #c #c #c #c #c #c #c #c #c #c #c #c #c #c #c #c #c #c #c #c #c #c #c #c #c #c #c #c #c #c #c #c #c #c #c #c #c #c #c #c #c #c #c #c #c #c #c #c #c #c #c