50 15
.	.	.	.	.	.	.	.	.	.	.	.	.	.	.	.	.	.	.	.	.	.	.	.	.	.	.	.	.	.	.	.	.	.	.	.	.	.	.	.	.	.	.	.	.	.	.	.	.	.	
.	.	.	.	.	.	.	.	.	.	.	.	.	.	.	.	.	.	.	.	.	.	.	.	.	.	.	.	.	.	.	.	.	.	.	.	.	.	.	.	.	.	.	.	.	.	.	.	.	.	
.	.	.	.	.	.	.	#f1/b1	#f1/b1	#f1/b1	.	#f1/b1	#f1/b1	#f1/b1	.	#f1/b1	#f1/b1	#f1/b1	.	#f1/b1	#f1/b1	#f1/b1	.	.	#f1/b1	.	#f1/b1	.	.	#f1/b1	.	.	.	.	.	.	.	.	.	.	.	.	.	.	.	.	.	.	.	+s1,0,0	
.	.	.	.	.	.	.	.	#f1/b1	.	.	#f1/b1	.	.	.	#f1/b1	.	.	.	.	#f1/b1	.	.	#f1/b1	#f1/b1	#f1/b1	#f1/b1	#f1/b1	.	#f1/b1	.	.	.	.	.	.	.	.	.	.	.	.	.	.	.	.	.	.	.	.	
.	.	.	.	.	.	.	.	#f1/b1	.	.	#f1/b1	#f1/b1	#f1/b1	.	.	#f1/b1	.	.	.	#f1/b1	.	.	.	#f1/b1	.	#f1/b1	.	.	#f1/b1	.	.	.	.	.	.	.	.	.	.	.	.	.	.	.	.	.	#c	#c	#c	
.	.	.	.	.	.	.	.	#f1/b1	.	.	#f1/b1	.	.	.	.	.	#f1/b1	.	.	#f1/b1	.	.	#f1/b1	#f1/b1	#f1/b1	#f1/b1	#f1/b1	.	#f1/b1	.	.	.	.	.	.	.	.	.	.	.	.	.	.	.	.	.	#c	.	.	
.	.	.	.	.	.	.	.	#f1/b1	.	.	#f1/b1	#f1/b1	#f1/b1	.	#f1/b1	#f1/b1	#f1/b1	.	.	#f1/b1	.	.	.	#f1/b1	.	#f1/b1	.	.	#f1/b1	.	.	.	.	.	.	.	.	.	.	.	.	.	.	.	#c	#c	#c	.	.	
.	.	.	.	.	.	.	.	.	.	.	.	.	.	.	.	.	.	.	.	.	.	.	.	.	.	.	.	.	.	.	.	.	.	.	.	.	.	.	.	.	.	.	.	.	#c	.	.	.	.	
.	.	.	.	.	.	.	.	.	.	.	.	.	.	.	.	.	.	.	.	.	.	.	.	.	.	.	.	.	.	.	.	.	.	.	.	.	.	.	.	.	.	.	#c	#c	#c	.	.	.	.	
.	.	.	.	.	.	.	.	.	.	.	.	#c	#c	#c	#c	.	.	.	.	.	.	.	.	.	.	.	.	.	.	.	.	.	.	.	.	.	.	.	.	.	.	.	#c	.	.	.	.	.	.	
.	.	.	.	.	.	.	.	.	.	.	.	.	.	.	.	.	.	.	.	.	.	.	.	.	.	.	.	.	.	.	.	.	.	.	.	.	.	.	.	.	#c	#c	#c	.	.	.	.	.	.	
.	.	.	.	.	.	.	.	.	.	.	.	.	.	.	.	.	.	.	.	.	.	.	.	.	.	.	.	.	.	.	.	.	.	.	.	.	.	.	.	.	#c	.	.	.	.	.	.	.	.	
.	.	.	.	.	.	.	.	.	.	.	.	.	.	.	.	.	.	.	.	.	.	.	.	.	.	.	.	.	.	.	.	.	.	.	.	.	.	.	#c	#c	#c	.	.	.	.	.	.	.	.	
.	.	.	.	.	|b1/f2/d1	.	.	.	.	.	.	.	.	.	.	.	.	.	.	.	.	.	.	.	.	.	.	.	.	.	.	.	.	.	.	.	.	.	#c	.	.	.	.	.	.	.	.	.	.	
#c	#c	#c	#c	#c	#c	#c	#c/f0/b7	#c/f1/b6	#c/f2/b5	#c/f3/b4	#c/f4/b3	#c/f5/b2	#c/f6/b1	#c/f7/b0	#c	#c	#c	#c	#c	#c	#c	#c	#c	#c	#c	#c	#c	#c	#c	#c	#c	#c	#c	#c	#c	#c	#c	#c	#c	#c	#c	#c	#c	#c	#c	#c	#c	#c	#c