50		15
.c/f7/b7	.c/f7/b7	.c/f7/b7	.c/f7/b7	.c/f7/b7	.c/f7/b7	.c/f7/b7	.c/f7/b7	.c/f7/b7	.c/f7/b7	.c/f7/b7	.c/f7/b7	.c/f7/b7	.c/f7/b7	.c/f7/b7	.c/f7/b7	.c/f7/b7	.c/f7/b7	.c/f7/b7	.c/f7/b7	.c/f7/b7	.c/f7/b7	.c/f7/b7	.c/f7/b7	.c/f7/b7	.c/f7/b7	.c/f7/b7	.c/f7/b7	.c/f7/b7	.c/f7/b7	.c/f7/b7	.c/f7/b7	.c/f7/b7	.c/f7/b7	.c/f7/b7	.c/f7/b7	.c/f7/b7	.c/f7/b7	.c/f7/b7	.c/f7/b7	.c/f7/b7	.c/f7/b7	.f0/b0		.f0/b0		.f0/b0		.f0/b0		.c/f7/b7	.c/f7/b7	.c/f7/b7	.c/f7/b7
.c/f7/b7	.c/f7/b7	.f0/b0		.f0/b0		.f0/b0		.f0/b0		.f0/b0		.f0/b0		.f0/b0		.f0/b0		.f0/b0		.f0/b0		.f0/b0		.f0/b0		.f0/b0		.f0/b0		.f0/b0		.f0/b0		.f0/b0		.f0/b0		.f0/b0		.f0/b0		.f0/b0		.f0/b0		.f0/b0		.f0/b0		.f0/b0		.f0/b0		.f0/b0		.f0/b0		.f0/b0		.f0/b0		.f0/b0		.f0/b0		.f0/b0		.f0/b0		.f0/b0		.f0/b0		.f0/b0		.f0/b0		.f0/b0		.f0/b0		.f0/b0		.f0/b0		.f0/b0		.f0/b0		.f0/b0		.f0/b0		.f7/b7		.f7/b7
.c/f7/b7	.c/f7/b7	.f0/b0		.f0/b0		.f0/b0		.f0/b0		.f0/b0		.f0/b0		.f0/b0		.f0/b0		.f0/b0		.f0/b0		.f0/b0		.f0/b0		.f0/b0		.f0/b0		.f0/b0		.f0/b0		.f0/b0		.f0/b0		.f0/b0		.f0/b0		.f0/b0		.f0/b0		.f0/b0		.f0/b0		.f0/b0		.f0/b0		.f0/b0		.f0/b0		.f0/b0		.f0/b0		.f0/b0		.f0/b0		.f0/b0		.f0/b0		.f0/b0		.f0/b0		.f0/b0		.f0/b0		.f0/b0		.f0/b0		.f0/b0		.f0/b0		.f0/b0		.f0/b0		.f0/b0		.f0/b0		.f7/b7		.f7/b7
.c/f7/b7	.c/f7/b7	cg1,46,0,0/b0/f3		cg1,46,0,0/b0/f3		.f0/b0		.f0/b0		.f0/b0		.f0/b0		.f0/b0		.f0/b0		.f0/b0		.f0/b0		.f0/b0		.f0/b0		.f0/b0		.f0/b0		.f0/b0		.f0/b0		.f0/b0		.f0/b0		.f0/b0		.f0/b0		.f0/b0		.f0/b0		.f0/b0		.f0/b0		.f0/b0		.f0/b0		.f0/b0		.f0/b0		.f0/b0		.f0/b0		.f0/b0		.f0/b0		.f0/b0		.f0/b0		.f0/b0		.f0/b0		.f0/b0		.f0/b0		.f0/b0		.f0/b0		.f0/b0		.f0/b0		.f0/b0		.f0/b0		.f0/b0		/d1/b0/f5	.f7/b7		.f7/b7
.c/f7/b7	.c/f7/b7	cg1,46,0,0/b0/f3		cg1,46,0,0/b0/f3		.f0/b0		.f0/b0		.f0/b0		.f0/b0		<f7/b0		-f7/b0		-f7/b0		.f0/b0		cf7/b0		of7/b0		lf7/b0		lf7/b0		ef7/b0		cf7/b0		tf7/b0		.f0/b0		cf3/b0		of3/b0		if3/b0		nf3/b0		sf3/b0		.f0/b0		.f0/b0		.f0/b0		.f0/b0		.f0/b0		.f0/b0		.f0/b0		.f0/b0		.f0/b0		.f0/b0		.f0/b0		.f0/b0		.f0/b0		.f0/b0		.f0/b0		.f0/b0		.f0/b0		.f0/b0		.f0/b0		.f0/b0		.f0/b0		/d1/b0/f5	.f0/b0		.f7/b7		.f7/b7
.c/f7/b7	.c/f7/b7	.f0/b0		.f0/b0		.f0/b0		.f0/b0		.f0/b0		.f0/b0		.f0/b0		.f0/b0		.f0/b0		.f0/b0		.f0/b0		.f0/b0		.f0/b0		.f0/b0		.f0/b0		.f0/b0		.f0/b0		.f0/b0		.f0/b0		.f0/b0		.f0/b0		.f0/b0		.f0/b0		.f0/b0		.f0/b0		.f0/b0		.f0/b0		.f0/b0		.f0/b0		.f0/b0		.f0/b0		.f0/b0		.f0/b0		.f0/b0		.f0/b0		.f0/b0		.f0/b0		.f0/b0		.f0/b0		.f0/b0		.f0/b0		.f0/b0		.f0/b0		.f0/b0		\d1/b0/f5	.f0/b0		.f7/b7		.f7/b7
.c/f7/b7	.c/f7/b7	.c/f7/b7	.c/f7/b7	.f0/b0		.f0/b0		.f0/b0		.f0/b0		.f0/b0		.f0/b0		.f0/b0		.f0/b0		.f0/b0		.f0/b0		.f0/b0		.f0/b0		.f0/b0		.f0/b0		.f0/b0		.f0/b0		.f0/b0		.f0/b0		.f0/b0		.f0/b0		.f0/b0		.f0/b0		.f0/b0		.f0/b0		.f0/b0		.f0/b0		.f0/b0		.f0/b0		.f0/b0		.f0/b0		.f0/b0		.f0/b0		.f0/b0		.f0/b0		.f0/b0		.f0/b0		.f0/b0		.f0/b0		.f0/b0		.f0/b0		.f0/b0		.f0/b0		.f0/b0		\d1/b0/f5	.f7/b7		.f7/b7
.c/f7/b7	.c/f7/b7	.f0/b0		.f0/b0		cg-2,46,0,0/b0/f1		.f0/b0		.f0/b0		.f0/b0		.f0/b0		.f0/b0		.f0/b0		.f0/b0		.f0/b0		.f0/b0		.f0/b0		.f0/b0		.f0/b0		.f0/b0		.f0/b0		.f0/b0		.f0/b0		.f0/b0		.f0/b0		.f0/b0		.f0/b0		.f0/b0		.f0/b0		.f0/b0		.f0/b0		.f0/b0		.f0/b0		.f0/b0		.f0/b0		.f0/b0		.f0/b0		.f0/b0		.f0/b0		.f0/b0		.f0/b0		.f0/b0		.f0/b0		.f0/b0		.f0/b0		.f0/b0		.f0/b0		.f0/b0		.f0/b0		.f0/b0		.f7/b7		.f7/b7
.c/f7/b7	.c/f7/b7	.f0/b0		.f0/b0		.f0/b0		.f0/b0		.f0/b0		.f0/b0		.f0/b0		.f0/b0		.f0/b0		.f0/b0		.f0/b0		.f0/b0		.f0/b0		.f0/b0		.f0/b0		.f0/b0		.f0/b0		.f0/b0		.f0/b0		.f0/b0		.f0/b0		.f0/b0		.f0/b0		.f0/b0		.f0/b0		.f0/b0		.f0/b0		.f0/b0		.f0/b0		.f0/b0		.f0/b0		.f0/b0		.f0/b0		.f0/b0		.f0/b0		.f0/b0		.f0/b0		.f0/b0		.f0/b0		.f0/b0		.f0/b0		.f0/b0		.f0/b0		.f0/b0		.f0/b0		.f0/b0		.f7/b7		.f7/b7
.c/f7/b7	.c/f7/b7	.f0/b0		.f0/b0		.f0/b0		.c/f7/b7	.c/f7/b7	.f0/b0		.f0/b0		.f0/b0		.f0/b0		.f0/b0		.f0/b0		.f0/b0		.f0/b0		.f0/b0		.f0/b0		.f0/b0		.f0/b0		.f0/b0		.f0/b0		.f0/b0		.f0/b0		.f0/b0		.f0/b0		.f0/b0		.f0/b0		.f0/b0		.f0/b0		.f0/b0		.f0/b0		.f0/b0		.f0/b0		.f0/b0		.f0/b0		.f0/b0		.f0/b0		.f0/b0		.f0/b0		.f0/b0		.f0/b0		.f0/b0		.f0/b0		.f0/b0		.f0/b0		.f0/b0		.f0/b0		.f0/b0		.f0/b0		.f0/b0
.c/f7/b7	.c/f7/b7	.f0/b0		.f0/b0		.f0/b0		.f0/b0		.f0/b0		cg-2,46,0,0/b0/f1		.f0/b0		.f0/b0		.f0/b0		.f0/b0		.f0/b0		.f0/b0		.f0/b0		.f0/b0		.f0/b0		.f0/b0		.f0/b0		.f0/b0		.f0/b0		.f0/b0		.f0/b0		.f0/b0		.f0/b0		.f0/b0		.f0/b0		.f0/b0		.f0/b0		.f0/b0		.f0/b0		.f0/b0		.f0/b0		.f0/b0		.f0/b0		.f0/b0		.f0/b0		.f0/b0		.f0/b0		.f0/b0		.f0/b0		.f0/b0		.f0/b0		.f0/b0		.f0/b0		.f0/b0		.f0/b0		.f0/b0		.f0/b0		.f0/b0
.c/f7/b7	.c/f7/b7	.f0/b0		.f0/b0		.f0/b0		.f0/b0		.f0/b0		.f0/b0		.f0/b0		.f0/b0		.f0/b0		.f0/b0		.f0/b0		.f0/b0		.f0/b0		.f0/b0		.f0/b0		.f0/b0		.f0/b0		.f0/b0		.f0/b0		.f0/b0		.f0/b0		.f0/b0		.f0/b0		.f0/b0		.f0/b0		.f0/b0		.f0/b0		.f0/b0		.f0/b0		.f0/b0		.f0/b0		.f0/b0		.f0/b0		.f0/b0		.f0/b0		.f0/b0		.f0/b0		.f0/b0		.f0/b0		.f0/b0		.f0/b0		.f0/b0		.f0/b0		.f0/b0		.f0/b0		.f0/b0		.f0/b0		.f0/b0
.c/f7/b7	.c/f7/b7	.f0/b0		.f0/b0		.f0/b0		.f0/b0		.f0/b0		.f0/b0		.c/f7/b7	.c/f7/b7	.f0/b0		.f0/b0		.f0/b0		.f0/b0		.f0/b0		.f0/b0		.f0/b0		.f0/b0		.f0/b0		.f0/b0		.f0/b0		.f0/b0		.f0/b0		.f0/b0		.f0/b0		.f0/b0		.f0/b0		.f0/b0		.f0/b0		.f0/b0		.f0/b0		.f0/b0		.f0/b0		.f0/b0		.f0/b0		.f0/b0		.f0/b0		.f0/b0		.f0/b0		/d1/b0/f5	\d1/b0/f5	.f0/b0		.f0/b0		.f0/b0		.f0/b0		.f0/b0		.f0/b0		.f0/b0		.f0/b0		.f0/b0/s3,0,10
.c/f7/b7	.c/f7/b7	.f0/b0		.f0/b0		.f0/b0		.f0/b0		.f0/b0		.f0/b0		.f0/b0		.f0/b0		cg-2,46,0,0/b0/f1		.f0/b0		.f0/b0		.f0/b0		.f0/b0		.f0/b0		.f0/b0		.f0/b0		.f0/b0		.f0/b0		.f0/b0		.f0/b0		.f0/b0		.f0/b0		.f0/b0		.f0/b0		.f0/b0		.f0/b0		.f0/b0		.f0/b0		.f0/b0		.f0/b0		.f0/b0		.f0/b0		.f0/b0		.f0/b0		.f0/b0		.f0/b0		/d1/b0/f5	.f0/b0		.f0/b0		\d1/b0/f5	.f0/b0		.f0/b0		.f0/b0		.f0/b0		.f0/b0		.f0/b0		.f0/b0		.f0/b0
.c/f7/b7	.c/f7/b7	.c/f7/b7	.c/f7/b7	.c/f7/b7	.c/f7/b7	.c/f7/b7	.c/f7/b7	.c/f7/b7	.c/f7/b7	.c/f7/b7	.c/f7/b7	.c/f7/b7	.c/f7/b7	.c/f7/b7	.c/f7/b7	.c/f7/b7	.c/f7/b7	.c/f7/b7	.c/f7/b7	.c/f7/b7	.c/f7/b7	.c/f7/b7	.c/f7/b7	.c/f7/b7	.c/f7/b7	.c/f7/b7	.c/f7/b7	.c/f7/b7	.c/f7/b7	.c/f7/b7	.c/f7/b7	.c/f7/b7	.c/f7/b7	.c/f7/b7	.c/f7/b7	.c/f7/b7	.c/f7/b7	.c/f7/b7	.c/f7/b7	.c/f7/b7	.c/f7/b7	.c/f7/b7	.c/f7/b7	.c/f7/b7	.c/f7/b7	.c/f7/b7	.c/f7/b7	.c/f7/b7	.c/f7/b7	

+gold:	cg1,46,0,0/b0/f3
-gold:	cg-2,46,0,0/b0/f1



\../		\d1/b0/f5	/d1/b0/f5
.\/

	\..../
	.\../
	..\/

	
	./
	/..
	\
	.\