50		15
.c/f7/b7	.c/f7/b7	.c/f7/b7	.c/f7/b7	.c/f7/b7	.c/f7/b7	.c/f7/b7	.c/f7/b7	.c/f7/b7	.c/f7/b7	.c/f7/b7	.c/f7/b7	.c/f7/b7	.c/f7/b7	.c/f7/b7	.c/f7/b7	.c/f7/b7	.c/f7/b7	.c/f7/b7	.c/f7/b7	.c/f7/b7	.c/f7/b7	.c/f7/b7	.c/f7/b7	.c/f7/b7	.c/f7/b7	.c/f7/b7	.c/f7/b7	.c/f7/b7	.c/f7/b7	.c/f7/b7	.c/f7/b7	.c/f7/b7	.c/f7/b7	.c/f7/b7	.c/f7/b7	.c/f7/b7	.c/f7/b7	.c/f7/b7	.c/f7/b7	.c/f7/b7	.c/f7/b7	.c/f7/b7	.c/f7/b7	.c/f7/b7	.c/f7/b7	.c/f7/b7	.c/f7/b7	.c/f7/b7	.c/f7/b7
.c/f7/b7	.c/f7/b7	.f0/b0		.f0/b0		.f0/b0		.f0/b0		.f0/b0		.f0/b0		.f0/b0		.f0/b0		.f0/b0		.f0/b0		.f0/b0		.f0/b0		.f0/b0		\d1/b0/f5	.f0/b0		.f0/b0		/d1/b0/f5	.f0/b0		.f0/b0		.f0/b0		.f0/b0		.f0/b0		.f0/b0		.f0/b0		.f0/b0		.f0/b0		.f0/b0		.f0/b0		.f0/b0		.f0/b0		.f0/b0		.f0/b0		\d1/b0/f5	.f0/b0		.f0/b0		.f0/b0		.f0/b0		/d1/b0/f5	.f0/b0		.f0/b0		.f0/b0		.f0/b0		.f0/b0		.f0/b0		.f0/b0		.f0/b0		.f7/b7		.f7/b7
.c/f7/b7	.c/f7/b7	.f0/b0		.f0/b0		.f0/b0		.f0/b0		.f0/b0		.f0/b0		.f0/b0		.f0/b0		.f0/b0		.f0/b0		.f0/b0		.f0/b0		.f0/b0		.f0/b0		\d1/b0/f5	/d1/b0/f5	.f0/b0		.f0/b0		.f0/b0		.f0/b0		.f0/b0		.f0/b0		.f0/b0		.f0/b0		.f0/b0		.f0/b0		.f0/b0		.f0/b0		.f0/b0		.f0/b0		.f0/b0		.f0/b0		.f0/b0		\d1/b0/f5	.f0/b0		.f0/b0		/d1/b0/f5	.f0/b0		.f0/b0		.f0/b0		.f0/b0		.f0/b0		.f0/b0		.f0/b0		.f0/b0		.f0/b0		.f7/b7		.f7/b7
.c/f7/b7	.c/f7/b7	.f0/b0		.f0/b0		.f0/b0		.f0/b0		.f0/b0		.f0/b0		.f0/b0		.f0/b0		.f0/b0		.f0/b0		.f0/b0		.f0/b0		.f0/b0		.f0/b0		.f0/b0		.f0/b0		.f0/b0		.f0/b0		.f0/b0		.f0/b0		.f0/b0		.f0/b0		.f0/b0		.f0/b0		.f0/b0		.f0/b0		.f0/b0		.f0/b0		.f0/b0		.f0/b0		.f0/b0		.f0/b0		.f0/b0		.f0/b0		\d1/b0/f5	/d1/b0/f5	.f0/b0		.f0/b0		.f0/b0		.f0/b0		.f0/b0		.f0/b0		.f0/b0		.f0/b0		.f0/b0		.f0/b0		.f7/b7		.f7/b7
.c/f7/b7	.c/f7/b7	.f0/b0		.f0/b0		.f0/b0		Wf1/b0		ef1/b0		lf1/b0		cf1/b0		of1/b0		mf1/b0		ef1/b0		.f0/b0		tf1/b0		of1/b0		.f0/b0		2f1/b0		df1/b0		cf1/b0		gf1/b0		!f1/b0		.f0/b0		.f0/b0		.f0/b0		.f0/b0		.f0/b0		.f0/b0		.f0/b0		.f0/b0		.f0/b0		.f0/b0		.f0/b0		.f0/b0		.f0/b0		.f0/b0		.f0/b0		.f0/b0		.f0/b0		.f0/b0		.f0/b0		.f0/b0		.f0/b0		.f0/b0		.f0/b0		.f0/b0		.f0/b0		.f0/b0		.f0/b0		.f7/b7		.f7/b7
.c/f7/b7	.c/f7/b7	.f0/b0		.f0/b0		.f0/b0		.f0/b0		.f0/b0		.f0/b0		.f0/b0		.f0/b0		.f0/b0		.f0/b0		.f0/b0		.f0/b0		.f0/b0		.f0/b0		.f0/b0		.f0/b0		.f0/b0		.f0/b0		.f0/b0		.f0/b0		.f0/b0		.f0/b0		.f0/b0		.f0/b0		.f0/b0		.f0/b0		.f0/b0		.f0/b0		.f0/b0		.f0/b0		.f0/b0		.f0/b0		.f0/b0		.f0/b0		.f0/b0		.f0/b0		.f0/b0		.f0/b0		.f0/b0		.f0/b0		.f0/b0		.f0/b0		.f0/b0		.f0/b0		.f0/b0		.f0/b0		.f7/b7		.f7/b7
.c/f7/b7	.c/f7/b7	.f0/b0		.f0/b0		.f0/b0		.f0/b0		.f0/b0		.f0/b0		.f0/b0		.f0/b0		.f0/b0		.f0/b0		.f0/b0		.f0/b0		.f0/b0		.f0/b0		.f0/b0		.f0/b0		.f0/b0		.f0/b0		.f0/b0		.f0/b0		.f0/b0		.f0/b0		.f0/b0		.f0/b0		.f0/b0		.f0/b0		.f0/b0		.f0/b0		.f0/b0		.f0/b0		.f0/b0		.f0/b0		.f0/b0		.f0/b0		.f0/b0		.f0/b0		.f0/b0		.f0/b0		.f0/b0		.f0/b0		.f0/b0		.f0/b0		.f0/b0		.f0/b0		.f0/b0		.f0/b0		.f7/b7		.f7/b7
.c/f7/b7	.c/f7/b7	.f0/b0		.f0/b0		.f0/b0		.f0/b0		.f0/b0		.f0/b0		.f0/b0		.f0/b0		.f0/b0		.f0/b0		.f0/b0		.f0/b0		.f0/b0		.f0/b0		.f0/b0		.f0/b0		.f0/b0		.f0/b0		.f0/b0		.f0/b0		.f0/b0		.f0/b0		.f0/b0		.f0/b0		.f0/b0		.f0/b0		.f0/b0		.f0/b0		.f0/b0		.f0/b0		.f0/b0		.f0/b0		.f0/b0		.f0/b0		.f0/b0		.f0/b0		.f0/b0		.f0/b0		.f0/b0		.f0/b0		.f0/b0		.f0/b0		.f0/b0		.f0/b0		.f0/b0		.f0/b0		.f7/b7		.f7/b7
.c/f7/b7	.c/f7/b7	.f0/b0		.f0/b0		.f0/b0		.f0/b0		.f0/b0		.f0/b0		.f0/b0		.f0/b0		.f0/b0		.f0/b0		.f0/b0		.f0/b0		cg1,46,0,0/b0/f3		.f0/b0		.f0/b0		.f0/b0		.f0/b0		.f0/b0		.f0/b0		.f0/b0		.f0/b0		.f0/b0		.f0/b0		.f0/b0		.f0/b0		.f0/b0		.f0/b0		.f0/b0		cg1,46,0,0/b0/f3		.f0/b0		.f0/b0		.f0/b0		.f0/b0		.f0/b0		.f0/b0		.f0/b0		.f0/b0		.f0/b0		.f0/b0		.f0/b0		cg1,46,0,0/b0/f3		.f0/b0		.f0/b0		.f0/b0		.f0/b0		.f0/b0		.f7/b7		.f7/b7
.c/f7/b7	.c/f7/b7	.f0/b0		.f0/b0		.f0/b0		.f0/b0		.f0/b0		.f0/b0		.f0/b0		.f0/b0		.f0/b0		.f0/b0		.f0/b0		.f0/b0		.f0/b0		.f0/b0		.f0/b0		.f0/b0		.f0/b0		.f0/b0		.f0/b0		.f0/b0		.f0/b0		.f0/b0		.f0/b0		.f0/b0		.f0/b0		.f0/b0		.f0/b0		.f0/b0		.f0/b0		.f0/b0		.f0/b0		.f0/b0		.f0/b0		.f0/b0		.f0/b0		.f0/b0		.f0/b0		.f0/b0		.f0/b0		.f0/b0		.f0/b0		.f0/b0		.f0/b0		.f0/b0		.f0/b0		.f0/b0		.f7/b7		.f7/b7
.c/f7/b7	.c/f7/b7	.f0/b0		.f0/b0		.f0/b0		.f0/b0		.f0/b0		.f0/b0		.f0/b0		.f0/b0		.f0/b0		.f0/b0		.f0/b0		.f0/b0		.f0/b0		.f0/b0		.f0/b0		.f0/b0		.f0/b0		.f0/b0		.f0/b0		.f0/b0		.f0/b0		.f0/b0		.f0/b0		.f0/b0		.f0/b0		.f0/b0		.f0/b0		.f0/b0		.f0/b0		.f0/b0		.f0/b0		.f0/b0		.f0/b0		.f0/b0		.f0/b0		.f0/b0		.f0/b0		.f0/b0		.f0/b0		.f0/b0		.f0/b0		.f0/b0		.f0/b0		.f0/b0		.f0/b0		.f0/b0		.f7/b7		.f7/b7
.c/f7/b7	.c/f7/b7	.f0/b0		.f0/b0		.f0/b0		.f0/b0		.f0/b0		/d1/b0/f5	\d1/b0/f5	.f0/b0		.f0/b0		.f0/b0		.f0/b0		.f0/b0		.f0/b0		.f0/b0		.f0/b0		.f0/b0		.f0/b0		.f0/b0		.f0/b0		.f0/b0		.f0/b0		.f0/b0		.f0/b0		.f0/b0		.f0/b0		.f0/b0		.f0/b0		.f0/b0		.f0/b0		.f0/b0		.f0/b0		.f0/b0		.f0/b0		.f0/b0		.f0/b0		.f0/b0		.f0/b0		.f0/b0		.f0/b0		.f0/b0		.f0/b0		.f0/b0		.f0/b0		.f0/b0		.f0/b0		.f0/b0		.f7/b7		.f7/b7
.c/f7/b7	.c/f7/b7	.f0/b0		.f0/b0		.f0/b0		.f0/b0		/d1/b0/f5	.f0/b0		.f0/b0		\d1/b0/f5	.f0/b0		.f0/b0		.f0/b0		.f0/b0		.f0/b0		.f0/b0		.f0/b0		.f0/b0		.f0/b0		.f0/b0		.f0/b0		.f0/b0		.f0/b0		.f0/b0		/d1/b0/f5	\d1/b0/f5	.f0/b0		.f0/b0		.f0/b0		.f0/b0		.f0/b0		.f0/b0		.f0/b0		.f0/b0		.f0/b0		.f0/b0		.f0/b0		.f0/b0		.f0/b0		.f0/b0		.f0/b0		.f0/b0		.f0/b0		.f0/b0		.f0/b0		.f0/b0		.f0/b0		.f0/b0		.f7/b7		.f7/b7
.c/f7/b7	.c/f7/b7	.f0/b0		.f0/b0		.f0/b0		/d1/b0/f5	.f0/b0		.f0/b0		.f0/b0		.f0/b0		\d1/b0/f5	.f0/b0		.f0/b0		.f0/b0		.f0/b0		.f0/b0		.f0/b0		.f0/b0		.f0/b0		.f0/b0		.f0/b0		.f0/b0		.f0/b0		/d1/b0/f5	.f0/b0		.f0/b0		\d1/b0/f5	.f0/b0		.f0/b0		.f0/b0		.f0/b0		.f0/b0		.f0/b0		.f0/b0		.f0/b0		.f0/b0		.f0/b0		.f0/b0		.f0/b0		.f0/b0		.f0/b0		.f0/b0		.f0/b0		.f0/b0/s2,43,2			.f0/b0		.f0/b0		.f0/b0		.f0/b0		.f7/b7		.f7/b7
.c/f7/b7	.c/f7/b7	.c/f7/b7	.c/f7/b7	.c/f7/b7	.c/f7/b7	.c/f7/b7	.c/f7/b7	.c/f7/b7	.c/f7/b7	.c/f7/b7	.c/f7/b7	.c/f7/b7	.c/f7/b7	.c/f7/b7	.c/f7/b7	.c/f7/b7	.c/f7/b7	.c/f7/b7	.c/f7/b7	.c/f7/b7	.c/f7/b7	.c/f7/b7	.c/f7/b7	.c/f7/b7	.c/f7/b7	.c/f7/b7	.c/f7/b7	.c/f7/b7	.c/f7/b7	.c/f7/b7	.c/f7/b7	.c/f7/b7	.c/f7/b7	.c/f7/b7	.c/f7/b7	.c/f7/b7	.c/f7/b7	.c/f7/b7	.c/f7/b7	.c/f7/b7	.f0/b0		.f0/b0		.f0/b0		.f0/b0		.f0/b0		.c/f7/b7	.c/f7/b7	.c/f7/b7	.c/f7/b7	

+gold:	cg1,46,0,0/b3/f0
-gold:	cg-2,46,0,0/b1/f0



\../		\d1/b0/f5	/d1/b0/f5
.\/

	\..../
	.\../
	..\/