50		15
.c/f7/b7	.c/f7/b7	.c/f7/b7	.c/f7/b7	.c/f7/b7	.c/f7/b7	.c/f7/b7	.c/f7/b7	.c/f7/b7	.c/f7/b7	.c/f7/b7	.c/f7/b7	.c/f7/b7	.c/f7/b7	.c/f7/b7	.c/f7/b7	.c/f7/b7	.c/f7/b7	.c/f7/b7	.c/f7/b7	.c/f7/b7	.c/f7/b7	.c/f7/b7	.c/f7/b7	.c/f7/b7	.c/f7/b7	.c/f7/b7	.c/f7/b7	.c/f7/b7	.c/f7/b7	.c/f7/b7	.c/f7/b7	.c/f7/b7	.c/f7/b7	.c/f7/b7	.c/f7/b7	.c/f7/b7	.c/f7/b7	.c/f7/b7	.c/f7/b7	.c/f7/b7	.c/f7/b7	.c/f7/b7	.c/f7/b7	.c/f7/b7	.c/f7/b7	.c/f7/b7	.c/f7/b7	.c/f7/b7	.c/f7/b7
.c/f7/b7	.c/f7/b7	.f0/b0		.f0/b0		.f0/b0		.f0/b0		.f0/b0		.f0/b0		.f0/b0		.f0/b0		.f0/b0		.f0/b0		.f0/b0		.f0/b0		.f0/b0		.f0/b0		.f0/b0		.f0/b0		.f0/b0		.f0/b0		.f0/b0		.f0/b0		.f0/b0		.f0/b0		.f0/b0		.f0/b0		.f0/b0		.f0/b0		.f0/b0		.f0/b0		.f0/b0		.f0/b0		.f0/b0		.f0/b0		.f0/b0		.f0/b0		.f0/b0		.f0/b0		.f0/b0		.f0/b0		.f0/b0		.f0/b0		.f0/b0		.f0/b0		.f0/b0		.f0/b0		.f0/b0		.f0/b0		.f7/b7		.f7/b7
.c/f7/b7	.c/f7/b7	.f0/b0		.f0/b0		.f0/b0		.f0/b0		.f0/b0		.f0/b0		.f0/b0		.f0/b0		.f0/b0		.f0/b0		.f0/b0		.f0/b0		.f0/b0		.f0/b0		.f0/b0		.f0/b0		.f0/b0		.f0/b0		.f0/b0		.f0/b0		.f0/b0		.f0/b0		.f0/b0		.f0/b0		.f0/b0		.f0/b0		.f0/b0		.f0/b0		.f0/b0		.f0/b0		.f0/b0		.f0/b0		.f0/b0		.f0/b0		.f0/b0		.f0/b0		.f0/b0		.f0/b0		.f0/b0		.f0/b0		.f0/b0		.f0/b0		.f0/b0		.f0/b0		.f0/b0		.f0/b0		.f7/b7		.f7/b7
.c/f7/b7	.c/f7/b7	.f0/b0		.f0/b0		.f0/b0		.f0/b0		.f0/b0		.f0/b0		.f0/b0		.f0/b0		.f0/b0		.f0/b0		.f0/b0		.f0/b0		.f0/b0		.f0/b0		.f0/b0		.f0/b0		.f0/b0		.f0/b0		.f0/b0		.f0/b0		.f0/b0		.f0/b0		.f0/b0		.f0/b0		.f0/b0		.f0/b0		.f0/b0		.f0/b0		.f0/b0		.f0/b0		.f0/b0		.f0/b0		.f0/b0		.f0/b0		.f0/b0		.f0/b0		.f0/b0		.f0/b0		.f0/b0		.f0/b0		.f0/b0		.f0/b0		.f0/b0		.f0/b0		.f0/b0		.f0/b0		.f7/b7		.f7/b7
.c/f7/b7	.c/f7/b7	.f0/b0		.f0/b0		.f0/b0		.f0/b0		.f0/b0		.f0/b0		.f0/b0		.f0/b0		.f0/b0		.f0/b0		.f0/b0		.f0/b0		.f0/b0		.f0/b0		.f0/b0		.f0/b0		.f0/b0		.f0/b0		.f0/b0		.f0/b0		.f0/b0		.f0/b0		.f0/b0		.f0/b0		.f0/b0		.f0/b0		.f0/b0		.f0/b0		.f0/b0		.f0/b0		.f0/b0		.f0/b0		.f0/b0		.f0/b0		.f0/b0		.f0/b0		.f0/b0		.f0/b0		.f0/b0		.f0/b0		.f0/b0		.f0/b0		.f0/b0		.f0/b0		.f0/b0		.f0/b0		.f7/b7		.f7/b7
.c/f7/b7	.c/f7/b7	.f0/b0		.f0/b0		.f0/b0		.f0/b0		.f0/b0		.f0/b0		.f0/b0		.f0/b0		.f0/b0		.f0/b0		.f0/b0		.f0/b0		.f0/b0		.f0/b0		.f0/b0		.f0/b0		.f0/b0		.f0/b0		.f0/b0		.f0/b0		.f0/b0		.f0/b0		.f0/b0		.f0/b0		.f0/b0		.f0/b0		.f0/b0		.f0/b0		.f0/b0		.f0/b0		.f0/b0		.f0/b0		.f0/b0		.f0/b0		.f0/b0		.f0/b0		.f0/b0		.f0/b0		.f0/b0		.f0/b0		.f0/b0		.f0/b0		.f0/b0		.f0/b0		.f0/b0		.f0/b0		.f7/b7		.f7/b7
.c/f7/b7	.c/f7/b7	.f0/b0		.f0/b0		.f0/b0		.f0/b0		.f0/b0		.f0/b0		.f0/b0		.f0/b0		.f0/b0		.f0/b0		.f0/b0		.f0/b0		.f0/b0		.f0/b0		.f0/b0		.f0/b0		.f0/b0		.f0/b0		.f0/b0		.f0/b0		.f0/b0		.f0/b0		.f0/b0		.f0/b0		.f0/b0		.f0/b0		.f0/b0		.f0/b0		.f0/b0		.f0/b0		.f0/b0		.f0/b0		.f0/b0		.f0/b0		.f0/b0		.f0/b0		.f0/b0		.f0/b0		.f0/b0		.f0/b0		.f0/b0		.f0/b0		.f0/b0		.f0/b0		.f0/b0		.f0/b0		.f7/b7		.f7/b7
.c/f7/b7	.c/f7/b7	.f0/b0		.f0/b0		.f0/b0		.f0/b0		.f0/b0		.f0/b0		.f0/b0		.f0/b0		.c/f7/b7	Ec/f1/b7	xc/f1/b7	ic/f1/b7	tc/f1/b7	.c/f7/b7	.f0/b0		.f0/b0		.f0/b0		.f0/b0		.f0/b0		.f0/b0		.f0/b0		.f0/b0		.f0/b0		.f0/b0		.f0/b0		.f0/b0		.f0/b0		.f0/b0		.f0/b0		.f0/b0		.f0/b0		.f0/b0		.f0/b0		.f0/b0		.f0/b0		.f0/b0		.f0/b0		.f0/b0		.f0/b0		.f0/b0		.f0/b0		.f0/b0		.f0/b0		.f0/b0		.f0/b0		.f0/b0		.f7/b7		.f7/b7
.c/f7/b7	.c/f7/b7	.f0/b0		.f0/b0		.f0/b0		.f0/b0		.f0/b0		.f0/b0		.f0/b0		.f0/b0		.c/f7/b7	.f4/b4		.f4/b4		.f4/b4		.f4/b4		.f7/b7		.f0/b0		.f0/b0		.f0/b0		.f0/b0		.f0/b0		.f0/b0		.f0/b0		.f0/b0		.f0/b0		.f0/b0		.f0/b0		.f0/b0		.f0/b0		.f0/b0		.f0/b0		.f0/b0		.f0/b0		.f0/b0		.f0/b0		.f0/b0		.f0/b0		.f0/b0		.f0/b0		.f0/b0		.f0/b0		.f0/b0		.f0/b0		.f0/b0		.f0/b0		.f0/b0		.f0/b0		.f0/b0		.f7/b7		.f7/b7
.c/f7/b7	.c/f7/b7	.f0/b0		.f0/b0		.f0/b0		.f0/b0		.f0/b0		.f0/b0		.f0/b0		.f0/b0		.c/f7/b7	.f4/b4		.f4/b4		.f4/b4		.f4/b4		.f7/b7		.f0/b0		.f0/b0		.f0/b0		.f0/b0		.f0/b0		.f0/b0		.f0/b0		.f0/b0		.f0/b0		.f0/b0		.f0/b0		.f0/b0		.f0/b0		.f0/b0		.f0/b0		.f0/b0		.f0/b0		.f0/b0		.f0/b0		.f0/b0		.f0/b0		.f0/b0		.f0/b0		.f0/b0		.f0/b0		.f0/b0		.f0/b0		.f0/b0		.f0/b0		.f0/b0		.f0/b0		.f0/b0		.f7/b7		.f7/b7
.c/f7/b7	.c/f7/b7	.f0/b0		.f0/b0		.f0/b0		.f0/b0		.f0/b0		.f0/b0		.f0/b0		.f0/b0		.c/f7/b7	.f4/b4		.f4/b4		.f4/b4		.f4/b4		.f7/b7		.f0/b0		.f0/b0		.f0/b0		.f0/b0		.f0/b0		.f0/b0		.f0/b0		.f0/b0		.f0/b0		.f0/b0		.f0/b0		.f0/b0		.f0/b0		.f0/b0		.f0/b0		.f0/b0		.f0/b0		.f0/b0		.f0/b0		.f0/b0		.f0/b0		.f0/b0		.f0/b0		.f0/b0		.f0/b0		.f0/b0		.f0/b0		.f0/b0		.f0/b0		.f0/b0		.f0/b0		.f0/b0		.f7/b7		.f7/b7
.c/f7/b7	.c/f7/b7	.f0/b0		.f0/b0		.f0/b0		.f0/b0		.f0/b0		.f0/b0		.f0/b0		.f0/b0		.c/f7/b7	.f4/b4		.f4/b4		.f4/b4/e	.f4/b4		.f7/b7		.f0/b0		.f0/b0		.f0/b0		.f0/b0		.f0/b0		.f0/b0		.f0/b0		.f0/b0		.f0/b0		.f0/b0		.f0/b0		.f0/b0		.f0/b0		.f0/b0		.f0/b0		.f0/b0		.f0/b0		.f0/b0		.f0/b0		.f0/b0		.f0/b0		.f0/b0		.f0/b0		.f0/b0		.f0/b0		.f0/b0		.f0/b0		.f0/b0		.f0/b0		.f0/b0		.f0/b0		.f0/b0		.f7/b7		.f7/b7
.c/f7/b7	.c/f7/b7	.f0/b0		.f0/b0		.f0/b0		.f0/b0		.f0/b0		.f0/b0		.f0/b0		.f0/b0		.c/f7/b7	.f4/b4		.f4/b4		.f4/b4		.f4/b4		.f7/b7		.f0/b0		.f0/b0		.f0/b0		.f0/b0		.f0/b0		.f0/b0		.f0/b0		.f0/b0		.f0/b0		.f0/b0		.f0/b0		.f0/b0		.f0/b0		.f0/b0		.f0/b0		.f0/b0		.f0/b0		.f0/b0		.f0/b0		.f0/b0		.f0/b0		.f0/b0		.f0/b0		.f0/b0		.f0/b0		.f0/b0		.f0/b0		.f0/b0		.f0/b0		.f0/b0		.f0/b0		.f0/b0		.f7/b7		.f7/b7
.c/f7/b7	.c/f7/b7	.f0/b0		.f0/b0		.f0/b0		.f0/b0		.f0/b0		.f0/b0		.f0/b0		.f0/b0		.c/f7/b7	.f4/b4		.f4/b4		.f4/b4		.f4/b4		.f7/b7		.f0/b0		.f0/b0		.f0/b0		.f0/b0		.f0/b0		.f0/b0		.f0/b0		.f0/b0		.f0/b0		.f0/b0		.f0/b0		.f0/b0		.f0/b0		.f0/b0		.f0/b0		.f0/b0		.f0/b0		.f0/b0		.f0/b0		.f0/b0		.f0/b0		.f0/b0		.f0/b0		.f0/b0		.f0/b0		.f0/b0		.f0/b0		.f0/b0		.f0/b0		.f0/b0		.f0/b0		.f0/b0		.f7/b7		.f7/b7
.c/f7/b7	.c/f7/b7	.c/f7/b7	.c/f7/b7	.c/f7/b7	.c/f7/b7	.c/f7/b7	.c/f7/b7	.c/f7/b7	.c/f7/b7	.c/f7/b7	.c/f7/b7	.c/f7/b7	.c/f7/b7	.c/f7/b7	.c/f7/b7	.c/f7/b7	.c/f7/b7	.c/f7/b7	.c/f7/b7	.c/f7/b7	.c/f7/b7	.c/f7/b7	.c/f7/b7	.c/f7/b7	.c/f7/b7	.c/f7/b7	.c/f7/b7	.c/f7/b7	.c/f7/b7	.c/f7/b7	.c/f7/b7	.c/f7/b7	.c/f7/b7	.c/f7/b7	.c/f7/b7	.c/f7/b7	.c/f7/b7	.c/f7/b7	.c/f7/b7	.c/f7/b7	.f0/b0		.f0/b0		.f0/b0		.f0/b0		.f0/b0		.f0/b0		.c/f7/b7	.c/f7/b7	.c/f7/b7	

+gold:	cg1,46,0,0/b3/f0
-gold:	cg-2,46,0,0/b1/f0



\../		\d1/b0/f5	/d1/b0/f5
.\/

	\..../
	.\../
	..\/